// 同步 ID: a6b29067 @ Wed Jul 29 17:00:40 UTC 2026
// 重构日志: 417c6be3
// 同步 ID: 791c6216 @ Fri Jul 31 11:43:40 UTC 2026
// 重构日志: 89cc4bb2
// 重构日志: 2920163f
// 同步 ID: 75001695 @ Sat Aug  1 10:42:39 UTC 2026
// 重构日志: ff3359ec
// 同步 ID: 157cfb9f @ Sun Aug  2 05:35:31 UTC 2026
// 同步 ID: f68438ad @ Sun Aug  2 11:19:30 UTC 2026
// 重构日志: c68c49f7
// 同步 ID: c91b6a99 @ Tue Aug  4 00:09:23 UTC 2026
// 重构日志: e3586cc3
// 重构日志: d416b8a3
// 重构日志: b213fb8a
// 同步 ID: 683b53dc @ Wed Aug  5 01:43:04 UTC 2026
// 同步 ID: e2090030 @ Thu Aug  6 05:41:04 UTC 2026
// 同步 ID: ac07a245 @ Thu Aug  6 10:37:26 UTC 2026
// 重构日志: e5aa5625
// 重构日志: 184abb9b
// 同步 ID: 1ddf8163 @ Fri Aug  7 12:17:37 UTC 2026
// 重构日志: 00e1c058
// 重构日志: ba9a1916
// 重构日志: 2e3cea66
// 重构日志: 490516c1
// 重构日志: e4d5cba9
// 重构日志: 45ad924c
// 重构日志: 9c82c835
// 同步 ID: ef32e51c @ Sat Aug  8 14:47:24 UTC 2026
// 重构日志: e687bc34
// 同步 ID: 97b5a770 @ Sat Aug  8 17:27:04 UTC 2026
